[1/15] Smoking Behavior and Cessation 2018
    resolving 4476 reference records (0 cached)
    150 works, 5098 refs; pool ref-age median 6, share≤3y 0.314, hot median 121.0
[2/15] Cervical Cancer and HPV Research 2011
    resolving 3425 reference records (12 cached)
    150 works, 4148 refs; pool ref-age median 5.0, share≤3y 0.331, hot median 119.0
[3/15] Semantic Web and Ontologies 2018
    resolving 3857 reference records (2 cached)
    150 works, 3639 refs; pool ref-age median 8, share≤3y 0.207, hot median 66
[4/15] Liver Disease and Transplantation 2010
    resolving 3626 reference records (7 cached)
    150 works, 4174 refs; pool ref-age median 7.0, share≤3y 0.249, hot median 118.0
[5/15] Advanced Thermoelectric Materials and Devices 2011
    resolving 2512 reference records (1 cached)
    150 works, 3504 refs; pool ref-age median 6.0, share≤3y 0.339, hot median 135.0
[6/15] Adipokines, Inflammation, and Metabolic Diseases 2017
    resolving 6020 reference records (20 cached)
    150 works, 6522 refs; pool ref-age median 8, share≤3y 0.228, hot median 172.0
[7/15] Health Policy Implementation Science 2011
    resolving 4671 reference records (78 cached)
    150 works, 5403 refs; pool ref-age median 6, share≤3y 0.275, hot median 195
[8/15] Advanced Fiber Laser Technologies 2015
    resolving 3505 reference records (2 cached)
    150 works, 4277 refs; pool ref-age median 5.0, share≤3y 0.358, hot median 102
[9/15] Lignin and Wood Chemistry 2011
    resolving 3169 reference records (4 cached)
    150 works, 3542 refs; pool ref-age median 7.0, share≤3y 0.278, hot median 103.0
[10/15] Cerebrospinal fluid and hydrocephalus 2018
    resolving 3935 reference records (13 cached)
    150 works, 4245 refs; pool ref-age median 8.0, share≤3y 0.246, hot median 107
[11/15] Gastrointestinal Tumor Research and Treatment 2017
    resolving 2411 reference records (12 cached)
    150 works, 3438 refs; pool ref-age median 8.0, share≤3y 0.226, hot median 115.0
[12/15] interferon and immune responses 2018
    resolving 6685 reference records (47 cached)
    batch list query failed (HTTP Error 429: Too Many Requests); falling back to entity GETs
    batch list query failed (HTTP Error 429: Too Many Requests); falling back to entity GETs
    batch list query failed (HTTP Error 429: Too Many Requests); falling back to entity GETs
    batch list query failed (HTTP Error 429: Too Many Requests); falling back to entity GETs
    batch list query failed (HTTP Error 429: Too Many Requests); falling back to entity GETs
    batch list query failed (HTTP Error 429: Too Many Requests); falling back to entity GETs
    batch list query failed (HTTP Error 429: Too Many Requests); falling back to entity GETs
    batch list query failed (HTTP Error 429: Too Many Requests); falling back to entity GETs
    batch list query failed (HTTP Error 429: Too Many Requests); falling back to entity GETs
    batch list query failed (HTTP Error 429: Too Many Requests); falling back to entity GETs
    batch list query failed (HTTP Error 429: Too Many Requests); falling back to entity GETs
    batch list query failed (HTTP Error 429: Too Many Requests); falling back to entity GETs
    batch list query failed (HTTP Error 429: Too Many Requests); falling back to entity GETs
    batch list query failed (HTTP Error 429: Too Many Requests); falling back to entity GETs
    batch list query failed (HTTP Error 429: Too Many Requests); falling back to entity GETs
    batch list query failed (HTTP Error 429: Too Many Requests); falling back to entity GETs
    batch list query failed (HTTP Error 429: Too Many Requests); falling back to entity GETs
    batch list query failed (HTTP Error 429: Too Many Requests); falling back to entity GETs
    batch list query failed (HTTP Error 429: Too Many Requests); falling back to entity GETs
    batch list query failed (HTTP Error 429: Too Many Requests); falling back to entity GETs
    batch list query failed (HTTP Error 429: Too Many Requests); falling back to entity GETs
    batch list query failed (HTTP Error 429: Too Many Requests); falling back to entity GETs
    batch list query failed (HTTP Error 429: Too Many Requests); falling back to entity GETs
    batch list query failed (HTTP Error 429: Too Many Requests); falling back to entity GETs
    batch list query failed (HTTP Error 429: Too Many Requests); falling back to entity GETs
    batch list query failed (HTTP Error 429: Too Many Requests); falling back to entity GETs
    batch list query failed (HTTP Error 429: Too Many Requests); falling back to entity GETs
    batch list query failed (HTTP Error 429: Too Many Requests); falling back to entity GETs
    150 works, 7929 refs; pool ref-age median 7, share≤3y 0.258, hot median 166
[13/15] Congenital heart defects research 2010
Traceback (most recent call last):
  File "<frozen runpy>", line 198, in _run_module_as_main
  File "<frozen runpy>", line 88, in _run_code
  File "/mnt/projects/research/discovery-genesis/genesis/background.py", line 168, in <module>
    main()
  File "/mnt/projects/research/discovery-genesis/genesis/background.py", line 156, in main
    pool = pull_pool(tid, year, a.n, a.seed, log)
           ^^^^^^^^^^^^^^^^^^^^^^^^^^^^^^^^^^^^^^
  File "/mnt/projects/research/discovery-genesis/genesis/background.py", line 86, in pull_pool
    d = openalex({"filter": flt, "sample": min(200, n * 2), "seed": seed + page, "per-page": 200,
        ^^^^^^^^^^^^^^^^^^^^^^^^^^^^^^^^^^^^^^^^^^^^^^^^^^^^^^^^^^^^^^^^^^^^^^^^^^^^^^^^^^^^^^^^^
  File "/mnt/projects/research/discovery-genesis/genesis/sample.py", line 103, in openalex
    with urllib.request.urlopen(req, timeout=60) as r:
         ^^^^^^^^^^^^^^^^^^^^^^^^^^^^^^^^^^^^^^^
  File "/usr/lib/python3.12/urllib/request.py", line 215, in urlopen
    return opener.open(url, data, timeout)
           ^^^^^^^^^^^^^^^^^^^^^^^^^^^^^^^
  File "/usr/lib/python3.12/urllib/request.py", line 521, in open
    response = meth(req, response)
               ^^^^^^^^^^^^^^^^^^^
  File "/usr/lib/python3.12/urllib/request.py", line 630, in http_response
    response = self.parent.error(
               ^^^^^^^^^^^^^^^^^^
  File "/usr/lib/python3.12/urllib/request.py", line 559, in error
    return self._call_chain(*args)
           ^^^^^^^^^^^^^^^^^^^^^^^
  File "/usr/lib/python3.12/urllib/request.py", line 492, in _call_chain
    result = func(*args)
             ^^^^^^^^^^^
  File "/usr/lib/python3.12/urllib/request.py", line 639, in http_error_default
    raise HTTPError(req.full_url, code, msg, hdrs, fp)
urllib.error.HTTPError: HTTP Error 429: Too Many Requests
exit 1
