Traceback (most recent call last):
  File "<frozen runpy>", line 198, in _run_module_as_main
  File "<frozen runpy>", line 88, in _run_code
  File "/mnt/projects/research/discovery-genesis/genesis/sample.py", line 286, in <module>
    main()
  File "/mnt/projects/research/discovery-genesis/genesis/sample.py", line 271, in main
    rec = sample_pairs(a.pairs, seed)
          ^^^^^^^^^^^^^^^^^^^^^^^^^^^
  File "/mnt/projects/research/discovery-genesis/genesis/sample.py", line 219, in sample_pairs
    case, ci = draw_by_rank(tid, year, (0.0, 1 - CASE_PCT), rng)
               ^^^^^^^^^^^^^^^^^^^^^^^^^^^^^^^^^^^^^^^^^^^^^^^^^
  File "/mnt/projects/research/discovery-genesis/genesis/sample.py", line 159, in draw_by_rank
    n = openalex({"filter": flt, "per-page": 1, "select": "id"})["meta"]["count"]
        ^^^^^^^^^^^^^^^^^^^^^^^^^^^^^^^^^^^^^^^^^^^^^^^^^^^^^^^^
  File "/mnt/projects/research/discovery-genesis/genesis/sample.py", line 103, in openalex
    with urllib.request.urlopen(req, timeout=60) as r:
         ^^^^^^^^^^^^^^^^^^^^^^^^^^^^^^^^^^^^^^^
  File "/usr/lib/python3.12/urllib/request.py", line 215, in urlopen
    return opener.open(url, data, timeout)
           ^^^^^^^^^^^^^^^^^^^^^^^^^^^^^^^
  File "/usr/lib/python3.12/urllib/request.py", line 521, in open
    response = meth(req, response)
               ^^^^^^^^^^^^^^^^^^^
  File "/usr/lib/python3.12/urllib/request.py", line 630, in http_response
    response = self.parent.error(
               ^^^^^^^^^^^^^^^^^^
  File "/usr/lib/python3.12/urllib/request.py", line 559, in error
    return self._call_chain(*args)
           ^^^^^^^^^^^^^^^^^^^^^^^
  File "/usr/lib/python3.12/urllib/request.py", line 492, in _call_chain
    result = func(*args)
             ^^^^^^^^^^^
  File "/usr/lib/python3.12/urllib/request.py", line 639, in http_error_default
    raise HTTPError(req.full_url, code, msg, hdrs, fp)
urllib.error.HTTPError: HTTP Error 429: Too Many Requests
exit 1
